EN comparador2bits NULL C:/Users/aula.ELE/Lab01/comparador2bits.vhd sub00/vhpl06 1534778721
AR comparador behavioral C:/Users/aula.ELE/Lab01/comparador.vhd sub00/vhpl01 1534773313
EN testbench NULL C:/Users/aula.ELE/Lab01/Testbench.vhd sub00/vhpl02 1534772692
EN comparadora NULL C:/Users/aula.ELE/Lab01/comparador.vhd sub00/vhpl04 1534778719
EN comparador NULL C:/Users/aula.ELE/Lab01/comparador.vhd sub00/vhpl00 1534773312
AR comparadora behavioral C:/Users/aula.ELE/Lab01/comparador.vhd sub00/vhpl05 1534778720
AR testbench behavior C:/Users/aula.ELE/Lab01/Testbench.vhd sub00/vhpl03 1534772693
AR comparador2bits behavioral C:/Users/aula.ELE/Lab01/comparador2bits.vhd sub00/vhpl07 1534778722
