Release 14.5 - xst P.58f (nt64)
Copyright (c) 1995-2012 Xilinx, Inc.  All rights reserved.
--> Parameter TMPDIR set to xst/projnav.tmp


Total REAL time to Xst completion: 0.00 secs
Total CPU time to Xst completion: 0.13 secs
 
--> Parameter xsthdpdir set to xst


Total REAL time to Xst completion: 0.00 secs
Total CPU time to Xst completion: 0.13 secs
 
--> Reading design: TecladoArq.prj

TABLE OF CONTENTS
  1) Synthesis Options Summary
  2) HDL Compilation
  3) Design Hierarchy Analysis
  4) HDL Analysis
  5) HDL Synthesis
     5.1) HDL Synthesis Report
  6) Advanced HDL Synthesis
     6.1) Advanced HDL Synthesis Report
  7) Low Level Synthesis
  8) Partition Report
  9) Final Report
	9.1) Device utilization summary
	9.2) Partition Resource Summary
	9.3) TIMING REPORT


=========================================================================
*                      Synthesis Options Summary                        *
=========================================================================
---- Source Parameters
Input File Name                    : "TecladoArq.prj"
Input Format                       : mixed
Ignore Synthesis Constraint File   : NO

---- Target Parameters
Output File Name                   : "TecladoArq"
Output Format                      : NGC
Target Device                      : xc3s500e-5-fg320

---- Source Options
Top Module Name                    : TecladoArq
Automatic FSM Extraction           : YES
FSM Encoding Algorithm             : Auto
Safe Implementation                : No
FSM Style                          : LUT
RAM Extraction                     : Yes
RAM Style                          : Auto
ROM Extraction                     : Yes
Mux Style                          : Auto
Decoder Extraction                 : YES
Priority Encoder Extraction        : Yes
Shift Register Extraction          : YES
Logical Shifter Extraction         : YES
XOR Collapsing                     : YES
ROM Style                          : Auto
Mux Extraction                     : Yes
Resource Sharing                   : YES
Asynchronous To Synchronous        : NO
Multiplier Style                   : Auto
Automatic Register Balancing       : No

---- Target Options
Add IO Buffers                     : YES
Global Maximum Fanout              : 500
Add Generic Clock Buffer(BUFG)     : 24
Register Duplication               : YES
Slice Packing                      : YES
Optimize Instantiated Primitives   : NO
Use Clock Enable                   : Yes
Use Synchronous Set                : Yes
Use Synchronous Reset              : Yes
Pack IO Registers into IOBs        : Auto
Equivalent register Removal        : YES

---- General Options
Optimization Goal                  : Speed
Optimization Effort                : 1
Keep Hierarchy                     : No
Netlist Hierarchy                  : As_Optimized
RTL Output                         : Yes
Global Optimization                : AllClockNets
Read Cores                         : YES
Write Timing Constraints           : NO
Cross Clock Analysis               : NO
Hierarchy Separator                : /
Bus Delimiter                      : <>
Case Specifier                     : Maintain
Slice Utilization Ratio            : 100
BRAM Utilization Ratio             : 100
Verilog 2001                       : YES
Auto BRAM Packing                  : NO
Slice Utilization Ratio Delta      : 5

=========================================================================


=========================================================================
*                          HDL Compilation                              *
=========================================================================
Compiling vhdl file "C:/Users/aula2.ELE/Desktop/Lab04/Lab04/TecladoArq.vhd" in Library work.
Entity <tecladoarq> compiled.
Entity <tecladoarq> (Architecture <behavioral>) compiled.

=========================================================================
*                     Design Hierarchy Analysis                         *
=========================================================================
Analyzing hierarchy for entity <TecladoArq> in library <work> (architecture <behavioral>).


=========================================================================
*                            HDL Analysis                               *
=========================================================================
Analyzing Entity <TecladoArq> in library <work> (Architecture <behavioral>).
INFO:Xst:1561 - "C:/Users/aula2.ELE/Desktop/Lab04/Lab04/TecladoArq.vhd" line 84: Mux is complete : default of case is discarded
Entity <TecladoArq> analyzed. Unit <TecladoArq> generated.


=========================================================================
*                           HDL Synthesis                               *
=========================================================================

Performing bidirectional port resolution...

Synthesizing Unit <TecladoArq>.
    Related source file is "C:/Users/aula2.ELE/Desktop/Lab04/Lab04/TecladoArq.vhd".
WARNING:Xst:647 - Input <row> is never used. This port will be preserved and left unconnected if it belongs to a top-level block or it belongs to a sub-block and the hierarchy of this sub-block is preserved.
WARNING:Xst:1306 - Output <col> is never assigned.
WARNING:Xst:647 - Input <reset> is never used. This port will be preserved and left unconnected if it belongs to a top-level block or it belongs to a sub-block and the hierarchy of this sub-block is preserved.
WARNING:Xst:1780 - Signal <state_reg> is never used or assigned. This unconnected signal will be trimmed during the optimization process.
WARNING:Xst:1780 - Signal <state_next> is never used or assigned. This unconnected signal will be trimmed during the optimization process.
WARNING:Xst:1780 - Signal <sclk_next> is never used or assigned. This unconnected signal will be trimmed during the optimization process.
WARNING:Xst:1780 - Signal <sclk> is never used or assigned. This unconnected signal will be trimmed during the optimization process.
WARNING:Xst:1780 - Signal <q_next> is never used or assigned. This unconnected signal will be trimmed during the optimization process.
WARNING:Xst:1780 - Signal <hex1> is never used or assigned. This unconnected signal will be trimmed during the optimization process.
    Found 16x7-bit ROM for signal <hex$rom0000>.
    Found 9-bit up counter for signal <q_reg>.
    Summary:
	inferred   1 ROM(s).
	inferred   1 Counter(s).
Unit <TecladoArq> synthesized.


=========================================================================
HDL Synthesis Report

Macro Statistics
# ROMs                                                 : 1
 16x7-bit ROM                                          : 1
# Counters                                             : 1
 9-bit up counter                                      : 1

=========================================================================

=========================================================================
*                       Advanced HDL Synthesis                          *
=========================================================================


=========================================================================
Advanced HDL Synthesis Report

Macro Statistics
# ROMs                                                 : 1
 16x7-bit ROM                                          : 1
# Counters                                             : 1
 9-bit up counter                                      : 1

=========================================================================

=========================================================================
*                         Low Level Synthesis                           *
=========================================================================

Optimizing unit <TecladoArq> ...

Mapping all equations...
Building and optimizing final netlist ...
Found area constraint ratio of 100 (+ 5) on block TecladoArq, actual ratio is 0.

Final Macro Processing ...

=========================================================================
Final Register Report

Macro Statistics
# Registers                                            : 9
 Flip-Flops                                            : 9

=========================================================================

=========================================================================
*                           Partition Report                            *
=========================================================================

Partition Implementation Status
-------------------------------

  No Partitions were found in this design.

-------------------------------

=========================================================================
*                            Final Report                               *
=========================================================================
Final Results
RTL Top Level Output File Name     : TecladoArq.ngr
Top Level Output File Name         : TecladoArq
Output Format                      : NGC
Optimization Goal                  : Speed
Keep Hierarchy                     : No

Design Statistics
# IOs                              : 24

Cell Usage :
# BELS                             : 36
#      GND                         : 1
#      INV                         : 2
#      LUT1                        : 8
#      LUT4                        : 7
#      MUXCY                       : 8
#      VCC                         : 1
#      XORCY                       : 9
# FlipFlops/Latches                : 9
#      FD                          : 9
# Clock Buffers                    : 1
#      BUFGP                       : 1
# IO Buffers                       : 14
#      IBUF                        : 4
#      OBUF                        : 10
=========================================================================

Device utilization summary:
---------------------------

Selected Device : 3s500efg320-5 

 Number of Slices:                        9  out of   4656     0%  
 Number of Slice Flip Flops:              9  out of   9312     0%  
 Number of 4 input LUTs:                 17  out of   9312     0%  
 Number of IOs:                          24
 Number of bonded IOBs:                  15  out of    232     6%  
 Number of GCLKs:                         1  out of     24     4%  

---------------------------
Partition Resource Summary:
---------------------------

  No Partitions were found in this design.

---------------------------


=========================================================================
TIMING REPORT

NOTE: THESE TIMING NUMBERS ARE ONLY A SYNTHESIS ESTIMATE.
      FOR ACCURATE TIMING INFORMATION PLEASE REFER TO THE TRACE REPORT
      GENERATED AFTER PLACE-and-ROUTE.

Clock Information:
------------------
-----------------------------------+------------------------+-------+
Clock Signal                       | Clock buffer(FF name)  | Load  |
-----------------------------------+------------------------+-------+
clk                                | BUFGP                  | 9     |
-----------------------------------+------------------------+-------+

Asynchronous Control Signals Information:
----------------------------------------
No asynchronous control signals found in this design

Timing Summary:
---------------
Speed Grade: -5

   Minimum period: 3.315ns (Maximum Frequency: 301.659MHz)
   Minimum input arrival time before clock: No path found
   Maximum output required time after clock: 5.151ns
   Maximum combinational path delay: 5.998ns

Timing Detail:
--------------
All values displayed in nanoseconds (ns)

=========================================================================
Timing constraint: Default period analysis for Clock 'clk'
  Clock period: 3.315ns (frequency: 301.659MHz)
  Total number of paths / destination ports: 45 / 9
-------------------------------------------------------------------------
Delay:               3.315ns (Levels of Logic = 9)
  Source:            q_reg_1 (FF)
  Destination:       q_reg_8 (FF)
  Source Clock:      clk rising
  Destination Clock: clk rising

  Data Path: q_reg_1 to q_reg_8
                                Gate     Net
    Cell:in->out      fanout   Delay   Delay  Logical Name (Net Name)
    ----------------------------------------  ------------
     FD:C->Q               1   0.514   0.509  q_reg_1 (q_reg_1)
     LUT1:I0->O            1   0.612   0.000  Mcount_q_reg_cy<1>_rt (Mcount_q_reg_cy<1>_rt)
     MUXCY:S->O            1   0.404   0.000  Mcount_q_reg_cy<1> (Mcount_q_reg_cy<1>)
     MUXCY:CI->O           1   0.051   0.000  Mcount_q_reg_cy<2> (Mcount_q_reg_cy<2>)
     MUXCY:CI->O           1   0.051   0.000  Mcount_q_reg_cy<3> (Mcount_q_reg_cy<3>)
     MUXCY:CI->O           1   0.051   0.000  Mcount_q_reg_cy<4> (Mcount_q_reg_cy<4>)
     MUXCY:CI->O           1   0.051   0.000  Mcount_q_reg_cy<5> (Mcount_q_reg_cy<5>)
     MUXCY:CI->O           1   0.051   0.000  Mcount_q_reg_cy<6> (Mcount_q_reg_cy<6>)
     MUXCY:CI->O           0   0.051   0.000  Mcount_q_reg_cy<7> (Mcount_q_reg_cy<7>)
     XORCY:CI->O           1   0.699   0.000  Mcount_q_reg_xor<8> (Result<8>)
     FD:D                      0.268          q_reg_8
    ----------------------------------------
    Total                      3.315ns (2.806ns logic, 0.509ns route)
                                       (84.6% logic, 15.4% route)

=========================================================================
Timing constraint: Default OFFSET OUT AFTER for Clock 'clk'
  Total number of paths / destination ports: 3 / 3
-------------------------------------------------------------------------
Offset:              5.151ns (Levels of Logic = 2)
  Source:            q_reg_8 (FF)
  Destination:       an<1> (PAD)
  Source Clock:      clk rising

  Data Path: q_reg_8 to an<1>
                                Gate     Net
    Cell:in->out      fanout   Delay   Delay  Logical Name (Net Name)
    ----------------------------------------  ------------
     FD:C->Q               4   0.514   0.499  q_reg_8 (q_reg_8)
     INV:I->O              1   0.612   0.357  an<1>1_INV_0 (an_1_OBUF)
     OBUF:I->O                 3.169          an_1_OBUF (an<1>)
    ----------------------------------------
    Total                      5.151ns (4.295ns logic, 0.856ns route)
                                       (83.4% logic, 16.6% route)

=========================================================================
Timing constraint: Default path analysis
  Total number of paths / destination ports: 28 / 7
-------------------------------------------------------------------------
Delay:               5.998ns (Levels of Logic = 3)
  Source:            tecladoOut<3> (PAD)
  Destination:       sseg<6> (PAD)

  Data Path: tecladoOut<3> to sseg<6>
                                Gate     Net
    Cell:in->out      fanout   Delay   Delay  Logical Name (Net Name)
    ----------------------------------------  ------------
     IBUF:I->O             7   1.106   0.754  tecladoOut_3_IBUF (tecladoOut_3_IBUF)
     LUT4:I0->O            1   0.612   0.357  Mrom_hex_rom000041 (sseg_2_OBUF)
     OBUF:I->O                 3.169          sseg_2_OBUF (sseg<2>)
    ----------------------------------------
    Total                      5.998ns (4.887ns logic, 1.111ns route)
                                       (81.5% logic, 18.5% route)

=========================================================================


Total REAL time to Xst completion: 5.00 secs
Total CPU time to Xst completion: 4.91 secs
 
--> 

Total memory usage is 254468 kilobytes

Number of errors   :    0 (   0 filtered)
Number of warnings :    9 (   0 filtered)
Number of infos    :    1 (   0 filtered)

