EN tec NULL C:/Users/aula2.ELE/Desktop/teclado/tec.vhd sub00/vhpl00 1537200474
AR tec behavioral C:/Users/aula2.ELE/Desktop/teclado/tec.vhd sub00/vhpl01 1537200475
AR trabalhofinalcompdig behavioral C:/Users/aula2.ELE/Desktop/teclado/TrabalhoFinalCompDig.vhd sub00/vhpl03 1541593870
EN trabalhofinalcompdig NULL C:/Users/aula2.ELE/Desktop/teclado/TrabalhoFinalCompDig.vhd sub00/vhpl02 1541593869
