EN lcd NULL C:/Users/aula.ELE/Desktop/Lab05/LCD.vhd sub00/vhpl02 1539008168
AR lcd behavioral C:/Users/aula.ELE/Desktop/Lab05/LCD.vhd sub00/vhpl03 1539008169
AR rs232 behavioral C:/Users/aula.ELE/Desktop/Lab05/RS232.vhd sub00/vhpl01 1538410120
EN rs232 NULL C:/Users/aula.ELE/Desktop/Lab05/RS232.vhd sub00/vhpl00 1538410119
