V3 3
FL C:/Users/aula2.ELE/Desktop/Lab04/Lab04/TecladoArq.vhd 2018/09/10.12:40:45 P.58f
EN work/TecladoArq 1536594056 \
      FL C:/Users/aula2.ELE/Desktop/Lab04/Lab04/TecladoArq.vhd \
      PB ieee/std_logic_1164 1364358218 PB ieee/NUMERIC_STD 1364358223
AR work/TecladoArq/Behavioral 1536594057 \
      FL C:/Users/aula2.ELE/Desktop/Lab04/Lab04/TecladoArq.vhd EN work/TecladoArq 1536594056
