V3 3
FL C:/Users/aula2.ELE/Lab05/tecladops2.vhd 2018/09/24.12:11:53 P.58f
EN work/tecladops2 1537801919 FL C:/Users/aula2.ELE/Lab05/tecladops2.vhd \
      PB ieee/std_logic_1164 1364358218 PB ieee/NUMERIC_STD 1364358223
AR work/tecladops2/Behavioral 1537801920 \
      FL C:/Users/aula2.ELE/Lab05/tecladops2.vhd EN work/tecladops2 1537801919
